<html>
<body>
<pre>
<h1>µVision Build Log</h1>
<h2>Tool Versions:</h2>
IDE-Version: µVision V5.26.2.0
Copyright (C) 2018 ARM Ltd and ARM Germany GmbH. All rights reserved.
License Information: Joseph Naguib, HP, LIC=----
 
Tool Versions:
Toolchain:       MDK-Lite  Version: 5.26.2.0
Toolchain Path:  C:\Keil_v5\ARM\ARMCC\Bin
C Compiler:      Armcc.exe V5.06 update 6 (build 750)
Assembler:       Armasm.exe V5.06 update 6 (build 750)
Linker/Locator:  ArmLink.exe V5.06 update 6 (build 750)
Library Manager: ArmAr.exe V5.06 update 6 (build 750)
Hex Converter:   FromElf.exe V5.06 update 6 (build 750)
CPU DLL:         SARMCM3.DLL V5.26.2.0
Dialog DLL:      DCM.DLL V1.17.2.0
Target DLL:      lmidk-agdi.dll V???
Dialog DLL:      TCM.DLL V1.36.1.0
 
<h2>Project:</h2>
C:\Users\mnaguib\Desktop\Embedded\firstrepo\Final Project\Motordriver.uvproj
Project File Date:  03/06/2020

<h2>Output:</h2>
*** Using Compiler 'V5.06 update 6 (build 750)', folder: 'C:\Keil_v5\ARM\ARMCC\Bin'
Build target 'Target 1'
compiling main.c...
STD_Types.h(23): warning:  #1-D: last line of file ends without a newline
  #endif /* STD_TYPES_H_ */
dio_types.h(85): warning:  #1-D: last line of file ends without a newline
  #endif /* DIO_TYPES_H_ */
bit_math.h(10): warning:  #1-D: last line of file ends without a newline
  #endif /* BIT_MATH_H_ */
dio.h(14): warning:  #1-D: last line of file ends without a newline
  #endif /* DIO_H_ */
port_types.h(22): warning:  #1-D: last line of file ends without a newline
  typedef Dio_ChannelType Port_PinType;
port.h(10): warning:  #1-D: last line of file ends without a newline
   
motorDriver.h(4): warning:  #1295-D: Deprecated declaration Init_motordriver - give arg types
  void Init_motordriver();
motorDriver.h(5): warning:  #1295-D: Deprecated declaration Motor_ONN - give arg types
  void Motor_ONN();
motorDriver.h(6): warning:  #1-D: last line of file ends without a newline
  void Motor_OFF();
motorDriver.h(6): warning:  #1295-D: Deprecated declaration Motor_OFF - give arg types
  void Motor_OFF();
main.c(10): warning:  #223-D: function "Read_Action" declared implicitly
  	if (Read_Action(Status)==0){
main.c(22): warning:  #1-D: last line of file ends without a newline
  }
main.c: 12 warnings, 0 errors
linking...
Program Size: Code=3416 RO-data=2424 RW-data=0 ZI-data=352  
".\Objects\Motordriver.axf" - 0 Error(s), 12 Warning(s).
Build Time Elapsed:  00:00:00
</pre>
</body>
</html>
